[debug] [2026-06-27T19:34:15.047Z] ----------------------------------------------------------------------
[debug] [2026-06-27T19:34:15.051Z] Command:       C:\Program Files\nodejs\node.exe C:\Users\user\AppData\Roaming\npm\node_modules\firebase-tools\lib\bin\firebase.js init
[debug] [2026-06-27T19:34:15.052Z] CLI Version:   15.22.3
[debug] [2026-06-27T19:34:15.052Z] Platform:      win32
[debug] [2026-06-27T19:34:15.053Z] Node Version:  v24.18.0
[debug] [2026-06-27T19:34:15.053Z] Detected Agent: unknown
[debug] [2026-06-27T19:34:15.053Z] Time:          Sun Jun 28 2026 00:34:15 GMT+0500 (Казахстан)
[debug] [2026-06-27T19:34:15.053Z] ----------------------------------------------------------------------
[debug] 
[info] 
     ######## #### ########  ######## ########     ###     ######  ########
     ##        ##  ##     ## ##       ##     ##  ##   ##  ##       ##
     ######    ##  ########  ######   ########  #########  ######  ######
     ##        ##  ##    ##  ##       ##     ## ##     ##       ## ##
     ##       #### ##     ## ######## ########  ##     ##  ######  ########

You're about to initialize a Firebase project in this directory:

  C:\site-aura

Before we get started, keep in mind:

  * You are currently outside your home directory

[info] 
=== Project Setup
[info] 
[info] First, let's associate this project directory with a Firebase project.
[info] You can create multiple project aliases by running firebase use --add, 
[info] 
[debug] [2026-06-27T19:34:51.798Z] > command requires scopes: ["email","openid","https://www.googleapis.com/auth/cloudplatformprojects.readonly","https://www.googleapis.com/auth/firebase","https://www.googleapis.com/auth/cloud-platform"]
[debug] [2026-06-27T19:34:51.799Z] > authorizing via signed-in user (kaasharept@gmail.com)
[debug] [2026-06-27T19:34:51.801Z] Checked if tokens are valid: true, expires at: 1782592443893
[debug] [2026-06-27T19:34:51.801Z] Checked if tokens are valid: true, expires at: 1782592443893
[debug] [2026-06-27T19:34:51.803Z] >>> [apiv2][query] GET https://firebase.googleapis.com/v1beta1/projects pageSize=100
[debug] [2026-06-27T19:34:52.561Z] <<< [apiv2][status] GET https://firebase.googleapis.com/v1beta1/projects 200
[debug] [2026-06-27T19:34:52.561Z] <<< [apiv2][body] GET https://firebase.googleapis.com/v1beta1/projects [omitted]
[info] 
=== Dataconnect Setup
[info] i  dataconnect: ensuring required API firebasedataconnect.googleapis.com is enabled... 
[debug] [2026-06-27T19:34:56.845Z] Checked if tokens are valid: true, expires at: 1782592443893
[debug] [2026-06-27T19:34:56.845Z] Checked if tokens are valid: true, expires at: 1782592443893
[info] i  dataconnect: ensuring required API sqladmin.googleapis.com is enabled... 
[debug] [2026-06-27T19:34:56.846Z] Checked if tokens are valid: true, expires at: 1782592443893
[debug] [2026-06-27T19:34:56.846Z] Checked if tokens are valid: true, expires at: 1782592443893
[debug] [2026-06-27T19:34:56.846Z] >>> [apiv2][query] GET https://serviceusage.googleapis.com/v1/projects/crested-unity-401417/services/firebasedataconnect.googleapis.com [none]
[debug] [2026-06-27T19:34:56.846Z] >>> [apiv2][(partial)header] GET https://serviceusage.googleapis.com/v1/projects/crested-unity-401417/services/firebasedataconnect.googleapis.com  x-goog-user-project=crested-unity-401417
[debug] [2026-06-27T19:34:56.848Z] >>> [apiv2][query] GET https://serviceusage.googleapis.com/v1/projects/crested-unity-401417/services/sqladmin.googleapis.com [none]
[debug] [2026-06-27T19:34:56.848Z] >>> [apiv2][(partial)header] GET https://serviceusage.googleapis.com/v1/projects/crested-unity-401417/services/sqladmin.googleapis.com  x-goog-user-project=crested-unity-401417
[debug] [2026-06-27T19:34:57.511Z] <<< [apiv2][status] GET https://serviceusage.googleapis.com/v1/projects/crested-unity-401417/services/firebasedataconnect.googleapis.com 200
[debug] [2026-06-27T19:34:57.511Z] <<< [apiv2][body] GET https://serviceusage.googleapis.com/v1/projects/crested-unity-401417/services/firebasedataconnect.googleapis.com [omitted]
[warn] !  dataconnect: missing required API firebasedataconnect.googleapis.com. Enabling now... 
[debug] [2026-06-27T19:34:57.512Z] Checked if tokens are valid: true, expires at: 1782592443893
[debug] [2026-06-27T19:34:57.512Z] Checked if tokens are valid: true, expires at: 1782592443893
[debug] [2026-06-27T19:34:57.513Z] >>> [apiv2][query] POST https://serviceusage.googleapis.com/v1/projects/crested-unity-401417/services/firebasedataconnect.googleapis.com:enable [none]
[debug] [2026-06-27T19:34:57.513Z] >>> [apiv2][(partial)header] POST https://serviceusage.googleapis.com/v1/projects/crested-unity-401417/services/firebasedataconnect.googleapis.com:enable  x-goog-user-project=crested-unity-401417
[debug] [2026-06-27T19:34:58.209Z] <<< [apiv2][status] GET https://serviceusage.googleapis.com/v1/projects/crested-unity-401417/services/sqladmin.googleapis.com 200
[debug] [2026-06-27T19:34:58.210Z] <<< [apiv2][body] GET https://serviceusage.googleapis.com/v1/projects/crested-unity-401417/services/sqladmin.googleapis.com [omitted]
[warn] !  dataconnect: missing required API sqladmin.googleapis.com. Enabling now... 
[debug] [2026-06-27T19:34:58.210Z] Checked if tokens are valid: true, expires at: 1782592443893
[debug] [2026-06-27T19:34:58.210Z] Checked if tokens are valid: true, expires at: 1782592443893
[debug] [2026-06-27T19:34:58.211Z] >>> [apiv2][query] POST https://serviceusage.googleapis.com/v1/projects/crested-unity-401417/services/sqladmin.googleapis.com:enable [none]
[debug] [2026-06-27T19:34:58.211Z] >>> [apiv2][(partial)header] POST https://serviceusage.googleapis.com/v1/projects/crested-unity-401417/services/sqladmin.googleapis.com:enable  x-goog-user-project=crested-unity-401417
[debug] [2026-06-27T19:34:58.469Z] <<< [apiv2][status] POST https://serviceusage.googleapis.com/v1/projects/crested-unity-401417/services/firebasedataconnect.googleapis.com:enable 200
[debug] [2026-06-27T19:34:58.470Z] <<< [apiv2][body] POST https://serviceusage.googleapis.com/v1/projects/crested-unity-401417/services/firebasedataconnect.googleapis.com:enable [omitted]
[debug] [2026-06-27T19:34:58.941Z] <<< [apiv2][status] POST https://serviceusage.googleapis.com/v1/projects/crested-unity-401417/services/sqladmin.googleapis.com:enable 200
[debug] [2026-06-27T19:34:58.941Z] <<< [apiv2][body] POST https://serviceusage.googleapis.com/v1/projects/crested-unity-401417/services/sqladmin.googleapis.com:enable [omitted]
[debug] [2026-06-27T19:35:08.956Z] Checked if tokens are valid: true, expires at: 1782592443893
[debug] [2026-06-27T19:35:08.956Z] Checked if tokens are valid: true, expires at: 1782592443893
[debug] [2026-06-27T19:35:08.956Z] >>> [apiv2][query] GET https://firebasedataconnect.googleapis.com/v1/projects/crested-unity-401417/locations/-/services [none]
[debug] [2026-06-27T19:35:10.358Z] <<< [apiv2][status] GET https://firebasedataconnect.googleapis.com/v1/projects/crested-unity-401417/locations/-/services 200
[debug] [2026-06-27T19:35:10.359Z] <<< [apiv2][body] GET https://firebasedataconnect.googleapis.com/v1/projects/crested-unity-401417/locations/-/services {}
[debug] [2026-06-27T19:35:10.362Z] Checked if tokens are valid: true, expires at: 1782592443893
[debug] [2026-06-27T19:35:10.363Z] Checked if tokens are valid: true, expires at: 1782592443893
[debug] [2026-06-27T19:35:10.363Z] >>> [apiv2][query] GET https://serviceusage.googleapis.com/v1/projects/crested-unity-401417/services/cloudbilling.googleapis.com [none]
[debug] [2026-06-27T19:35:10.363Z] >>> [apiv2][(partial)header] GET https://serviceusage.googleapis.com/v1/projects/crested-unity-401417/services/cloudbilling.googleapis.com  x-goog-user-project=crested-unity-401417
[debug] [2026-06-27T19:35:10.939Z] <<< [apiv2][status] GET https://serviceusage.googleapis.com/v1/projects/crested-unity-401417/services/cloudbilling.googleapis.com 200
[debug] [2026-06-27T19:35:10.939Z] <<< [apiv2][body] GET https://serviceusage.googleapis.com/v1/projects/crested-unity-401417/services/cloudbilling.googleapis.com [omitted]
[debug] [2026-06-27T19:35:10.940Z] Checked if tokens are valid: true, expires at: 1782592443893
[debug] [2026-06-27T19:35:10.940Z] Checked if tokens are valid: true, expires at: 1782592443893
[debug] [2026-06-27T19:35:10.940Z] >>> [apiv2][query] POST https://serviceusage.googleapis.com/v1/projects/crested-unity-401417/services/cloudbilling.googleapis.com:enable [none]
[debug] [2026-06-27T19:35:10.940Z] >>> [apiv2][(partial)header] POST https://serviceusage.googleapis.com/v1/projects/crested-unity-401417/services/cloudbilling.googleapis.com:enable  x-goog-user-project=crested-unity-401417
[debug] [2026-06-27T19:35:11.852Z] <<< [apiv2][status] POST https://serviceusage.googleapis.com/v1/projects/crested-unity-401417/services/cloudbilling.googleapis.com:enable 200
[debug] [2026-06-27T19:35:11.852Z] <<< [apiv2][body] POST https://serviceusage.googleapis.com/v1/projects/crested-unity-401417/services/cloudbilling.googleapis.com:enable [omitted]
[debug] [2026-06-27T19:35:21.860Z] Checked if tokens are valid: true, expires at: 1782592443893
[debug] [2026-06-27T19:35:21.860Z] Checked if tokens are valid: true, expires at: 1782592443893
[debug] [2026-06-27T19:35:21.860Z] >>> [apiv2][query] GET https://cloudbilling.googleapis.com/v1/projects/crested-unity-401417/billingInfo [none]
[debug] [2026-06-27T19:35:21.860Z] >>> [apiv2][(partial)header] GET https://cloudbilling.googleapis.com/v1/projects/crested-unity-401417/billingInfo  x-goog-user-project=crested-unity-401417
[debug] [2026-06-27T19:35:22.522Z] <<< [apiv2][status] GET https://cloudbilling.googleapis.com/v1/projects/crested-unity-401417/billingInfo 200
[debug] [2026-06-27T19:35:22.522Z] <<< [apiv2][body] GET https://cloudbilling.googleapis.com/v1/projects/crested-unity-401417/billingInfo {"name":"projects/crested-unity-401417/billingInfo","projectId":"crested-unity-401417","billingAccountName":"","billingEnabled":false}
[debug] [2026-06-27T19:35:22.523Z] Checked if tokens are valid: true, expires at: 1782592443893
[debug] [2026-06-27T19:35:22.523Z] Checked if tokens are valid: true, expires at: 1782592443893
[debug] [2026-06-27T19:35:22.523Z] >>> [apiv2][query] GET https://monitoring.googleapis.com/v3/projects/crested-unity-401417/timeSeries/ filter=metric.type%3D%22serviceruntime.googleapis.com%2Fquota%2Fallocation%2Fusage%22+AND+metric.label.quota_metric+%3D+%22sqladmin.googleapis.com%2Ffdc_lifetime_free_trial_per_project%22&interval.endTime=2026-06-27T19%3A35%3A22.523Z&interval.startTime=2026-06-20T19%3A35%3A22.523Z
[debug] [2026-06-27T19:35:23.908Z] <<< [apiv2][status] GET https://monitoring.googleapis.com/v3/projects/crested-unity-401417/timeSeries/ 200
[debug] [2026-06-27T19:35:23.909Z] <<< [apiv2][body] GET https://monitoring.googleapis.com/v3/projects/crested-unity-401417/timeSeries/ {"unit":"1"}
[info] +  dataconnect: CloudSQL no cost trial available! 
[debug] [2026-06-27T19:35:23.909Z] Checked if tokens are valid: true, expires at: 1782592443893
[debug] [2026-06-27T19:35:23.909Z] Checked if tokens are valid: true, expires at: 1782592443893
[debug] [2026-06-27T19:35:23.910Z] >>> [apiv2][query] GET https://sqladmin.googleapis.com/v1/projects/crested-unity-401417/instances [none]
[debug] [2026-06-27T19:35:24.715Z] <<< [apiv2][status] GET https://sqladmin.googleapis.com/v1/projects/crested-unity-401417/instances 200
[debug] [2026-06-27T19:35:24.716Z] <<< [apiv2][body] GET https://sqladmin.googleapis.com/v1/projects/crested-unity-401417/instances {}
[debug] [2026-06-27T19:35:24.716Z] Checked if tokens are valid: true, expires at: 1782592443893
[debug] [2026-06-27T19:35:24.716Z] Checked if tokens are valid: true, expires at: 1782592443893
[debug] [2026-06-27T19:35:24.716Z] >>> [apiv2][query] GET https://firebasedataconnect.googleapis.com/v1/projects/crested-unity-401417/locations [none]
[debug] [2026-06-27T19:35:25.766Z] <<< [apiv2][status] GET https://firebasedataconnect.googleapis.com/v1/projects/crested-unity-401417/locations 200
[debug] [2026-06-27T19:35:25.766Z] <<< [apiv2][body] GET https://firebasedataconnect.googleapis.com/v1/projects/crested-unity-401417/locations {"locations":[{"name":"projects/crested-unity-401417/locations/asia-east1","locationId":"asia-east1","displayName":"Taiwan"},{"name":"projects/crested-unity-401417/locations/asia-east2","locationId":"asia-east2","displayName":"Hong Kong"},{"name":"projects/crested-unity-401417/locations/asia-northeast1","locationId":"asia-northeast1","displayName":"Tokyo"},{"name":"projects/crested-unity-401417/locations/asia-northeast2","locationId":"asia-northeast2","displayName":"Osaka"},{"name":"projects/crested-unity-401417/locations/asia-northeast3","locationId":"asia-northeast3","displayName":"Seoul"},{"name":"projects/crested-unity-401417/locations/asia-south1","locationId":"asia-south1","displayName":"Mumbai"},{"name":"projects/crested-unity-401417/locations/asia-southeast1","locationId":"asia-southeast1","displayName":"Singapore"},{"name":"projects/crested-unity-401417/locations/asia-southeast2","locationId":"asia-southeast2","displayName":"Jakarta"},{"name":"projects/crested-unity-401417/locations/australia-southeast1","locationId":"australia-southeast1","displayName":"Sydney"},{"name":"projects/crested-unity-401417/locations/australia-southeast2","locationId":"australia-southeast2","displayName":"Melbourne"},{"name":"projects/crested-unity-401417/locations/europe-central2","locationId":"europe-central2","displayName":"Warsaw"},{"name":"projects/crested-unity-401417/locations/europe-north1","locationId":"europe-north1","displayName":"Finland"},{"name":"projects/crested-unity-401417/locations/europe-southwest1","locationId":"europe-southwest1","displayName":"Madrid"},{"name":"projects/crested-unity-401417/locations/europe-west1","locationId":"europe-west1","displayName":"Belgium"},{"name":"projects/crested-unity-401417/locations/europe-west2","locationId":"europe-west2","displayName":"London"},{"name":"projects/crested-unity-401417/locations/europe-west3","locationId":"europe-west3","displayName":"Frankfurt"},{"name":"projects/crested-unity-401417/locations/europe-west4","locationId":"europe-west4","displayName":"Netherlands"},{"name":"projects/crested-unity-401417/locations/europe-west6","locationId":"europe-west6","displayName":"Zurich"},{"name":"projects/crested-unity-401417/locations/europe-west8","locationId":"europe-west8","displayName":"Milan"},{"name":"projects/crested-unity-401417/locations/europe-west9","locationId":"europe-west9","displayName":"Paris"},{"name":"projects/crested-unity-401417/locations/me-west1","locationId":"me-west1","displayName":"Tel Aviv"},{"name":"projects/crested-unity-401417/locations/northamerica-northeast1","locationId":"northamerica-northeast1","displayName":"Montréal"},{"name":"projects/crested-unity-401417/locations/northamerica-northeast2","locationId":"northamerica-northeast2","displayName":"Toronto"},{"name":"projects/crested-unity-401417/locations/southamerica-east1","locationId":"southamerica-east1","displayName":"São Paulo"},{"name":"projects/crested-unity-401417/locations/southamerica-west1","locationId":"southamerica-west1","displayName":"Santiago"},{"name":"projects/crested-unity-401417/locations/us-central1","locationId":"us-central1","displayName":"Iowa"},{"name":"projects/crested-unity-401417/locations/us-east1","locationId":"us-east1","displayName":"South Carolina"},{"name":"projects/crested-unity-401417/locations/us-east4","locationId":"us-east4","displayName":"Northern Virginia"},{"name":"projects/crested-unity-401417/locations/us-south1","locationId":"us-south1","displayName":"Dallas"},{"name":"projects/crested-unity-401417/locations/us-west1","locationId":"us-west1","displayName":"Oregon"},{"name":"projects/crested-unity-401417/locations/us-west2","locationId":"us-west2","displayName":"Los Angeles"},{"name":"projects/crested-unity-401417/locations/us-west3","locationId":"us-west3","displayName":"Salt Lake City"},{"name":"projects/crested-unity-401417/locations/us-west4","locationId":"us-west4","displayName":"Las Vegas"}]}
[info] +  dataconnect: Detected existing apps . (web) 
[debug] [2026-06-27T19:36:37.340Z] Checked if tokens are valid: true, expires at: 1782592443893
[debug] [2026-06-27T19:36:37.340Z] Checked if tokens are valid: true, expires at: 1782592443893
[debug] [2026-06-27T19:36:37.340Z] >>> [apiv2][query] GET https://sqladmin.googleapis.com/v1/projects/crested-unity-401417/instances/site-aura-fdc [none]
[debug] [2026-06-27T19:36:37.810Z] <<< [apiv2][status] GET https://sqladmin.googleapis.com/v1/projects/crested-unity-401417/instances/site-aura-fdc 404
[debug] [2026-06-27T19:36:37.810Z] <<< [apiv2][body] GET https://sqladmin.googleapis.com/v1/projects/crested-unity-401417/instances/site-aura-fdc {"error":{"code":404,"message":"The Cloud SQL instance does not exist.","errors":[{"message":"The Cloud SQL instance does not exist.","domain":"global","reason":"instanceDoesNotExist"}]}}
[debug] [2026-06-27T19:36:37.811Z] Checked if tokens are valid: true, expires at: 1782592443893
[debug] [2026-06-27T19:36:37.811Z] Checked if tokens are valid: true, expires at: 1782592443893
[debug] [2026-06-27T19:36:37.811Z] >>> [apiv2][query] GET https://monitoring.googleapis.com/v3/projects/crested-unity-401417/timeSeries/ filter=metric.type%3D%22serviceruntime.googleapis.com%2Fquota%2Fallocation%2Fusage%22+AND+metric.label.quota_metric+%3D+%22sqladmin.googleapis.com%2Ffdc_lifetime_free_trial_per_project%22&interval.endTime=2026-06-27T19%3A36%3A37.811Z&interval.startTime=2026-06-20T19%3A36%3A37.811Z
[debug] [2026-06-27T19:36:39.039Z] <<< [apiv2][status] GET https://monitoring.googleapis.com/v3/projects/crested-unity-401417/timeSeries/ 200
[debug] [2026-06-27T19:36:39.039Z] <<< [apiv2][body] GET https://monitoring.googleapis.com/v3/projects/crested-unity-401417/timeSeries/ {"unit":"1"}
[debug] [2026-06-27T19:36:39.039Z] Checked if tokens are valid: true, expires at: 1782592443893
[debug] [2026-06-27T19:36:39.040Z] Checked if tokens are valid: true, expires at: 1782592443893
[debug] [2026-06-27T19:36:39.040Z] >>> [apiv2][query] POST https://sqladmin.googleapis.com/v1/projects/crested-unity-401417/instances [none]
[debug] [2026-06-27T19:36:39.040Z] >>> [apiv2][body] POST https://sqladmin.googleapis.com/v1/projects/crested-unity-401417/instances {"name":"site-aura-fdc","region":"europe-west3","databaseVersion":"POSTGRES_18","settings":{"tier":"db-f1-micro","edition":"ENTERPRISE","ipConfiguration":{"authorizedNetworks":[]},"enableGoogleMlIntegration":false,"databaseFlags":[{"name":"cloudsql.iam_authentication","value":"on"}],"storageAutoResize":false,"userLabels":{"firebase-data-connect":"ft"},"insightsConfig":{"queryInsightsEnabled":true,"queryPlansPerMinute":5,"queryStringLength":1024}}}
[debug] [2026-06-27T19:36:43.311Z] <<< [apiv2][status] POST https://sqladmin.googleapis.com/v1/projects/crested-unity-401417/instances 200
[debug] [2026-06-27T19:36:43.311Z] <<< [apiv2][body] POST https://sqladmin.googleapis.com/v1/projects/crested-unity-401417/instances {"kind":"sql#operation","targetLink":"https://sqladmin.googleapis.com/v1/projects/crested-unity-401417/instances/site-aura-fdc","status":"PENDING","user":"kaasharept@gmail.com","insertTime":"2026-06-27T19:31:59.515Z","operationType":"CREATE","name":"d2baffe6-06b1-4a95-a13b-e08a0000002e","targetId":"site-aura-fdc","selfLink":"https://sqladmin.googleapis.com/v1/projects/crested-unity-401417/operations/d2baffe6-06b1-4a95-a13b-e08a0000002e","targetProject":"crested-unity-401417"}
[info] i  dataconnect: Cloud SQL Instance site-aura-fdc is being created.
This instance is provided under the terms of the SQL Connect no-cost trial https://firebase.google.com/pricing

   Meanwhile, your data are saved in a temporary database and will be migrated once complete. 
   Your free trial instance won't show in google cloud console until a billing account is added.
   However, you can still use the gcloud cli to monitor your database instance:

	e.g. gcloud sql instances list --project crested-unity-401417
 
[debug] [2026-06-27T19:36:43.317Z] Checked if tokens are valid: true, expires at: 1782592443893
[debug] [2026-06-27T19:36:43.317Z] Checked if tokens are valid: true, expires at: 1782592443893
[debug] [2026-06-27T19:36:43.317Z] >>> [apiv2][query] GET https://firebasedataconnect.googleapis.com/v1/projects/crested-unity-401417/locations/europe-west3/services/site-aura/schemas pageSize=100&pageToken=&fields=schemas.name%2Cschemas.datasources%2Cschemas.source
[debug] [2026-06-27T19:36:43.673Z] <<< [apiv2][status] GET https://firebasedataconnect.googleapis.com/v1/projects/crested-unity-401417/locations/europe-west3/services/site-aura/schemas 404
[debug] [2026-06-27T19:36:43.673Z] <<< [apiv2][body] GET https://firebasedataconnect.googleapis.com/v1/projects/crested-unity-401417/locations/europe-west3/services/site-aura/schemas {"error":{"code":404,"message":"Resource 'services/site-aura' was not found","status":"NOT_FOUND","details":[{"@type":"type.googleapis.com/google.rpc.ResourceInfo","resourceName":"services/site-aura"}]}}
[info] +  Wrote dataconnect\dataconnect.yaml 
[info] +  Wrote dataconnect\seed_data.gql 
[info] +  Wrote dataconnect\schema\schema.gql 
[info] +  Wrote dataconnect\example\connector.yaml 
[info] +  Wrote dataconnect\example\queries.gql 
[info] +  Wrote dataconnect\example\mutations.gql 
[info] +  Wrote dataconnect\example\connector.yaml 
[info] i  dataconnect: Installing the generated SDKs ... 
[info] i  dataconnect: downloading dataconnect-emulator-3.4.14.exe... {"metadata":{"emulator":{"name":"dataconnect"},"message":"downloading dataconnect-emulator-3.4.14.exe..."}}
[debug] [2026-06-27T19:36:43.717Z] >>> [apiv2][query] GET https://storage.googleapis.com/firemat-preview-drop/emulator/dataconnect-emulator-windows-amd64-v3.4.14 
[debug] [2026-06-27T19:36:44.210Z] <<< [apiv2][status] GET https://storage.googleapis.com/firemat-preview-drop/emulator/dataconnect-emulator-windows-amd64-v3.4.14 200
[debug] [2026-06-27T19:36:44.210Z] <<< [apiv2][body] GET https://storage.googleapis.com/firemat-preview-drop/emulator/dataconnect-emulator-windows-amd64-v3.4.14 [stream]
[debug] [2026-06-27T19:36:45.926Z] defaultcredentials: writing to file C:\Users\user\AppData\Roaming\firebase\kaasharept_gmail_com_application_default_credentials.json
[info] +  dataconnect: Installed generated SDKs for . (web) 
[info] i  Visit https://firebase.google.com/docs/data-connect/web-sdk#react for more information on how to set up React Generated SDKs for Firebase SQL Connect 
[info] 
=== Firestore Setup
[info] i  firestore: ensuring required API firestore.googleapis.com is enabled... 
[debug] [2026-06-27T19:36:56.390Z] Checked if tokens are valid: true, expires at: 1782592443893
[debug] [2026-06-27T19:36:56.390Z] Checked if tokens are valid: true, expires at: 1782592443893
[debug] [2026-06-27T19:36:56.391Z] >>> [apiv2][query] GET https://serviceusage.googleapis.com/v1/projects/crested-unity-401417/services/firestore.googleapis.com [none]
[debug] [2026-06-27T19:36:56.391Z] >>> [apiv2][(partial)header] GET https://serviceusage.googleapis.com/v1/projects/crested-unity-401417/services/firestore.googleapis.com  x-goog-user-project=crested-unity-401417
[debug] [2026-06-27T19:36:57.476Z] <<< [apiv2][status] GET https://serviceusage.googleapis.com/v1/projects/crested-unity-401417/services/firestore.googleapis.com 200
[debug] [2026-06-27T19:36:57.476Z] <<< [apiv2][body] GET https://serviceusage.googleapis.com/v1/projects/crested-unity-401417/services/firestore.googleapis.com [omitted]
[warn] !  firestore: missing required API firestore.googleapis.com. Enabling now... 
[debug] [2026-06-27T19:36:57.477Z] Checked if tokens are valid: true, expires at: 1782592443893
[debug] [2026-06-27T19:36:57.477Z] Checked if tokens are valid: true, expires at: 1782592443893
[debug] [2026-06-27T19:36:57.477Z] >>> [apiv2][query] POST https://serviceusage.googleapis.com/v1/projects/crested-unity-401417/services/firestore.googleapis.com:enable [none]
[debug] [2026-06-27T19:36:57.477Z] >>> [apiv2][(partial)header] POST https://serviceusage.googleapis.com/v1/projects/crested-unity-401417/services/firestore.googleapis.com:enable  x-goog-user-project=crested-unity-401417
[debug] [2026-06-27T19:36:58.410Z] <<< [apiv2][status] POST https://serviceusage.googleapis.com/v1/projects/crested-unity-401417/services/firestore.googleapis.com:enable 200
[debug] [2026-06-27T19:36:58.410Z] <<< [apiv2][body] POST https://serviceusage.googleapis.com/v1/projects/crested-unity-401417/services/firestore.googleapis.com:enable [omitted]
[debug] [2026-06-27T19:37:08.416Z] Checked if tokens are valid: true, expires at: 1782592443893
[debug] [2026-06-27T19:37:08.416Z] Checked if tokens are valid: true, expires at: 1782592443893
[debug] [2026-06-27T19:37:08.416Z] >>> [apiv2][query] GET https://firestore.googleapis.com/v1/projects/crested-unity-401417/databases [none]
[debug] [2026-06-27T19:37:09.181Z] <<< [apiv2][status] GET https://firestore.googleapis.com/v1/projects/crested-unity-401417/databases 200
[debug] [2026-06-27T19:37:09.181Z] <<< [apiv2][body] GET https://firestore.googleapis.com/v1/projects/crested-unity-401417/databases {}
[debug] [2026-06-27T19:37:09.181Z] Checked if tokens are valid: true, expires at: 1782592443893
[debug] [2026-06-27T19:37:09.181Z] Checked if tokens are valid: true, expires at: 1782592443893
[debug] [2026-06-27T19:37:09.181Z] >>> [apiv2][query] GET https://firestore.googleapis.com/v1/projects/crested-unity-401417/locations [none]
[debug] [2026-06-27T19:37:09.477Z] <<< [apiv2][status] GET https://firestore.googleapis.com/v1/projects/crested-unity-401417/locations 200
[debug] [2026-06-27T19:37:09.477Z] <<< [apiv2][body] GET https://firestore.googleapis.com/v1/projects/crested-unity-401417/locations {"locations":[{"name":"projects/crested-unity-401417/locations/eur3","labels":{"appengine.googleapis.com/geo":"europe-west","cloud.googleapis.com/location":"eur3","cloud.googleapis.com/geo":"eur3"},"metadata":{"@type":"type.googleapis.com/google.firestore.admin.v1.LocationMetadata"},"locationId":"eur3","displayName":"Europe"},{"name":"projects/crested-unity-401417/locations/nam5","labels":{"appengine.googleapis.com/geo":"us-central","cloud.googleapis.com/location":"nam5","cloud.googleapis.com/geo":"nam5"},"metadata":{"@type":"type.googleapis.com/google.firestore.admin.v1.LocationMetadata"},"locationId":"nam5","displayName":"United States"},{"name":"projects/crested-unity-401417/locations/nam7","labels":{"cloud.googleapis.com/location":"nam7","cloud.googleapis.com/geo":"nam7"},"metadata":{"@type":"type.googleapis.com/google.firestore.admin.v1.LocationMetadata"},"locationId":"nam7","displayName":"United States"},{"name":"projects/crested-unity-401417/locations/africa-south1","labels":{"cloud.googleapis.com/location":"africa-south1","cloud.googleapis.com/region":"africa-south1"},"metadata":{"@type":"type.googleapis.com/google.firestore.admin.v1.LocationMetadata"},"locationId":"africa-south1","displayName":"Johannesburg"},{"name":"projects/crested-unity-401417/locations/asia-east1","labels":{"appengine.googleapis.com/region":"asia-east1","cloud.googleapis.com/location":"asia-east1","cloud.googleapis.com/region":"asia-east1"},"metadata":{"@type":"type.googleapis.com/google.firestore.admin.v1.LocationMetadata"},"locationId":"asia-east1","displayName":"Taiwan"},{"name":"projects/crested-unity-401417/locations/asia-east2","labels":{"appengine.googleapis.com/region":"asia-east2","cloud.googleapis.com/location":"asia-east2","cloud.googleapis.com/region":"asia-east2"},"metadata":{"@type":"type.googleapis.com/google.firestore.admin.v1.LocationMetadata"},"locationId":"asia-east2","displayName":"Hong Kong"},{"name":"projects/crested-unity-401417/locations/asia-northeast1","labels":{"appengine.googleapis.com/region":"asia-northeast1","cloud.googleapis.com/location":"asia-northeast1","cloud.googleapis.com/region":"asia-northeast1"},"metadata":{"@type":"type.googleapis.com/google.firestore.admin.v1.LocationMetadata"},"locationId":"asia-northeast1","displayName":"Tokyo"},{"name":"projects/crested-unity-401417/locations/asia-northeast2","labels":{"appengine.googleapis.com/region":"asia-northeast2","cloud.googleapis.com/location":"asia-northeast2","cloud.googleapis.com/region":"asia-northeast2"},"metadata":{"@type":"type.googleapis.com/google.firestore.admin.v1.LocationMetadata"},"locationId":"asia-northeast2","displayName":"Osaka"},{"name":"projects/crested-unity-401417/locations/asia-northeast3","labels":{"appengine.googleapis.com/region":"asia-northeast3","cloud.googleapis.com/location":"asia-northeast3","cloud.googleapis.com/region":"asia-northeast3"},"metadata":{"@type":"type.googleapis.com/google.firestore.admin.v1.LocationMetadata"},"locationId":"asia-northeast3","displayName":"Seoul"},{"name":"projects/crested-unity-401417/locations/asia-south1","labels":{"appengine.googleapis.com/region":"asia-south1","cloud.googleapis.com/location":"asia-south1","cloud.googleapis.com/region":"asia-south1"},"metadata":{"@type":"type.googleapis.com/google.firestore.admin.v1.LocationMetadata"},"locationId":"asia-south1","displayName":"Mumbai"},{"name":"projects/crested-unity-401417/locations/asia-south2","labels":{"cloud.googleapis.com/location":"asia-south2","cloud.googleapis.com/region":"asia-south2"},"metadata":{"@type":"type.googleapis.com/google.firestore.admin.v1.LocationMetadata"},"locationId":"asia-south2","displayName":"Delhi"},{"name":"projects/crested-unity-401417/locations/asia-southeast1","labels":{"appengine.googleapis.com/region":"asia-southeast1","cloud.googleapis.com/location":"asia-southeast1","cloud.googleapis.com/region":"asia-southeast1"},"metadata":{"@type":"type.googleapis.com/google.firestore.admin.v1.LocationMetadata"},"locationId":"asia-southeast1","displayName":"Singapore"},{"name":"projects/crested-unity-401417/locations/asia-southeast2","labels":{"appengine.googleapis.com/region":"asia-southeast2","cloud.googleapis.com/location":"asia-southeast2","cloud.googleapis.com/region":"asia-southeast2"},"metadata":{"@type":"type.googleapis.com/google.firestore.admin.v1.LocationMetadata"},"locationId":"asia-southeast2","displayName":"Jakarta"},{"name":"projects/crested-unity-401417/locations/asia-southeast3","labels":{"cloud.googleapis.com/location":"asia-southeast3","cloud.googleapis.com/region":"asia-southeast3"},"metadata":{"@type":"type.googleapis.com/google.firestore.admin.v1.LocationMetadata"},"locationId":"asia-southeast3","displayName":"Bangkok"},{"name":"projects/crested-unity-401417/locations/australia-southeast1","labels":{"appengine.googleapis.com/region":"australia-southeast1","cloud.googleapis.com/location":"australia-southeast1","cloud.googleapis.com/region":"australia-southeast1"},"metadata":{"@type":"type.googleapis.com/google.firestore.admin.v1.LocationMetadata"},"locationId":"australia-southeast1","displayName":"Sydney"},{"name":"projects/crested-unity-401417/locations/australia-southeast2","labels":{"cloud.googleapis.com/location":"australia-southeast2","cloud.googleapis.com/region":"australia-southeast2"},"metadata":{"@type":"type.googleapis.com/google.firestore.admin.v1.LocationMetadata"},"locationId":"australia-southeast2","displayName":"Melbourne"},{"name":"projects/crested-unity-401417/locations/europe-central2","labels":{"appengine.googleapis.com/region":"europe-central2","cloud.googleapis.com/location":"europe-central2","cloud.googleapis.com/region":"europe-central2"},"metadata":{"@type":"type.googleapis.com/google.firestore.admin.v1.LocationMetadata"},"locationId":"europe-central2","displayName":"Warsaw"},{"name":"projects/crested-unity-401417/locations/europe-north1","labels":{"cloud.googleapis.com/location":"europe-north1","cloud.googleapis.com/region":"europe-north1"},"metadata":{"@type":"type.googleapis.com/google.firestore.admin.v1.LocationMetadata"},"locationId":"europe-north1","displayName":"Finland"},{"name":"projects/crested-unity-401417/locations/europe-north2","labels":{"cloud.googleapis.com/location":"europe-north2","cloud.googleapis.com/region":"europe-north2"},"metadata":{"@type":"type.googleapis.com/google.firestore.admin.v1.LocationMetadata"},"locationId":"europe-north2","displayName":"Stockholm"},{"name":"projects/crested-unity-401417/locations/europe-southwest1","labels":{"cloud.googleapis.com/location":"europe-southwest1","cloud.googleapis.com/region":"europe-southwest1"},"metadata":{"@type":"type.googleapis.com/google.firestore.admin.v1.LocationMetadata"},"locationId":"europe-southwest1","displayName":"Madrid"},{"name":"projects/crested-unity-401417/locations/europe-west1","labels":{"cloud.googleapis.com/location":"europe-west1","cloud.googleapis.com/region":"europe-west1"},"metadata":{"@type":"type.googleapis.com/google.firestore.admin.v1.LocationMetadata"},"locationId":"europe-west1","displayName":"Belgium"},{"name":"projects/crested-unity-401417/locations/europe-west10","labels":{"cloud.googleapis.com/location":"europe-west10","cloud.googleapis.com/region":"europe-west10"},"metadata":{"@type":"type.googleapis.com/google.firestore.admin.v1.LocationMetadata"},"locationId":"europe-west10","displayName":"Berlin"},{"name":"projects/crested-unity-401417/locations/europe-west12","labels":{"cloud.googleapis.com/location":"europe-west12","cloud.googleapis.com/region":"europe-west12"},"metadata":{"@type":"type.googleapis.com/google.firestore.admin.v1.LocationMetadata"},"locationId":"europe-west12","displayName":"Turin"},{"name":"projects/crested-unity-401417/locations/europe-west2","labels":{"appengine.googleapis.com/region":"europe-west2","cloud.googleapis.com/location":"europe-west2","cloud.googleapis.com/region":"europe-west2"},"metadata":{"@type":"type.googleapis.com/google.firestore.admin.v1.LocationMetadata"},"locationId":"europe-west2","displayName":"London"},{"name":"projects/crested-unity-401417/locations/europe-west3","labels":{"appengine.googleapis.com/region":"europe-west3","cloud.googleapis.com/location":"europe-west3","cloud.googleapis.com/region":"europe-west3"},"metadata":{"@type":"type.googleapis.com/google.firestore.admin.v1.LocationMetadata"},"locationId":"europe-west3","displayName":"Frankfurt"},{"name":"projects/crested-unity-401417/locations/europe-west4","labels":{"cloud.googleapis.com/location":"europe-west4","cloud.googleapis.com/region":"europe-west4"},"metadata":{"@type":"type.googleapis.com/google.firestore.admin.v1.LocationMetadata"},"locationId":"europe-west4","displayName":"Netherlands"},{"name":"projects/crested-unity-401417/locations/europe-west6","labels":{"appengine.googleapis.com/region":"europe-west6","cloud.googleapis.com/location":"europe-west6","cloud.googleapis.com/region":"europe-west6"},"metadata":{"@type":"type.googleapis.com/google.firestore.admin.v1.LocationMetadata"},"locationId":"europe-west6","displayName":"Zurich"},{"name":"projects/crested-unity-401417/locations/europe-west8","labels":{"cloud.googleapis.com/location":"europe-west8","cloud.googleapis.com/region":"europe-west8"},"metadata":{"@type":"type.googleapis.com/google.firestore.admin.v1.LocationMetadata"},"locationId":"europe-west8","displayName":"Milan"},{"name":"projects/crested-unity-401417/locations/europe-west9","labels":{"cloud.googleapis.com/location":"europe-west9","cloud.googleapis.com/region":"europe-west9"},"metadata":{"@type":"type.googleapis.com/google.firestore.admin.v1.LocationMetadata"},"locationId":"europe-west9","displayName":"Paris"},{"name":"projects/crested-unity-401417/locations/me-central1","labels":{"cloud.googleapis.com/location":"me-central1","cloud.googleapis.com/region":"me-central1"},"metadata":{"@type":"type.googleapis.com/google.firestore.admin.v1.LocationMetadata"},"locationId":"me-central1","displayName":"Doha"},{"name":"projects/crested-unity-401417/locations/me-central2","labels":{"cloud.googleapis.com/location":"me-central2","cloud.googleapis.com/region":"me-central2"},"metadata":{"@type":"type.googleapis.com/google.firestore.admin.v1.LocationMetadata"},"locationId":"me-central2","displayName":"Dammam"},{"name":"projects/crested-unity-401417/locations/me-west1","labels":{"cloud.googleapis.com/location":"me-west1","cloud.googleapis.com/region":"me-west1"},"metadata":{"@type":"type.googleapis.com/google.firestore.admin.v1.LocationMetadata"},"locationId":"me-west1","displayName":"Tel Aviv"},{"name":"projects/crested-unity-401417/locations/northamerica-northeast1","labels":{"appengine.googleapis.com/region":"northamerica-northeast1","cloud.googleapis.com/location":"northamerica-northeast1","cloud.googleapis.com/region":"northamerica-northeast1"},"metadata":{"@type":"type.googleapis.com/google.firestore.admin.v1.LocationMetadata"},"locationId":"northamerica-northeast1","displayName":"Montréal"},{"name":"projects/crested-unity-401417/locations/northamerica-northeast2","labels":{"cloud.googleapis.com/location":"northamerica-northeast2","cloud.googleapis.com/region":"northamerica-northeast2"},"metadata":{"@type":"type.googleapis.com/google.firestore.admin.v1.LocationMetadata"},"locationId":"northamerica-northeast2","displayName":"Toronto"},{"name":"projects/crested-unity-401417/locations/northamerica-south1","labels":{"cloud.googleapis.com/location":"northamerica-south1","cloud.googleapis.com/region":"northamerica-south1"},"metadata":{"@type":"type.googleapis.com/google.firestore.admin.v1.LocationMetadata"},"locationId":"northamerica-south1","displayName":"Mexico"},{"name":"projects/crested-unity-401417/locations/southamerica-east1","labels":{"appengine.googleapis.com/region":"southamerica-east1","cloud.googleapis.com/location":"southamerica-east1","cloud.googleapis.com/region":"southamerica-east1"},"metadata":{"@type":"type.googleapis.com/google.firestore.admin.v1.LocationMetadata"},"locationId":"southamerica-east1","displayName":"São Paulo"},{"name":"projects/crested-unity-401417/locations/southamerica-west1","labels":{"cloud.googleapis.com/location":"southamerica-west1","cloud.googleapis.com/region":"southamerica-west1"},"metadata":{"@type":"type.googleapis.com/google.firestore.admin.v1.LocationMetadata"},"locationId":"southamerica-west1","displayName":"Santiago"},{"name":"projects/crested-unity-401417/locations/us-central1","labels":{"cloud.googleapis.com/location":"us-central1","cloud.googleapis.com/region":"us-central1"},"metadata":{"@type":"type.googleapis.com/google.firestore.admin.v1.LocationMetadata"},"locationId":"us-central1","displayName":"Iowa"},{"name":"projects/crested-unity-401417/locations/us-east1","labels":{"appengine.googleapis.com/region":"us-east1","cloud.googleapis.com/location":"us-east1","cloud.googleapis.com/region":"us-east1"},"metadata":{"@type":"type.googleapis.com/google.firestore.admin.v1.LocationMetadata"},"locationId":"us-east1","displayName":"South Carolina"},{"name":"projects/crested-unity-401417/locations/us-east4","labels":{"appengine.googleapis.com/region":"us-east4","cloud.googleapis.com/location":"us-east4","cloud.googleapis.com/region":"us-east4"},"metadata":{"@type":"type.googleapis.com/google.firestore.admin.v1.LocationMetadata"},"locationId":"us-east4","displayName":"Northern Virginia"},{"name":"projects/crested-unity-401417/locations/us-east5","labels":{"cloud.googleapis.com/location":"us-east5","cloud.googleapis.com/region":"us-east5"},"metadata":{"@type":"type.googleapis.com/google.firestore.admin.v1.LocationMetadata"},"locationId":"us-east5","displayName":"Columbus"},{"name":"projects/crested-unity-401417/locations/us-south1","labels":{"cloud.googleapis.com/location":"us-south1","cloud.googleapis.com/region":"us-south1"},"metadata":{"@type":"type.googleapis.com/google.firestore.admin.v1.LocationMetadata"},"locationId":"us-south1","displayName":"Dallas"},{"name":"projects/crested-unity-401417/locations/us-west1","labels":{"appengine.googleapis.com/region":"us-west1","cloud.googleapis.com/location":"us-west1","cloud.googleapis.com/region":"us-west1"},"metadata":{"@type":"type.googleapis.com/google.firestore.admin.v1.LocationMetadata"},"locationId":"us-west1","displayName":"Oregon"},{"name":"projects/crested-unity-401417/locations/us-west2","labels":{"appengine.googleapis.com/region":"us-west2","cloud.googleapis.com/location":"us-west2","cloud.googleapis.com/region":"us-west2"},"metadata":{"@type":"type.googleapis.com/google.firestore.admin.v1.LocationMetadata"},"locationId":"us-west2","displayName":"Los Angeles"},{"name":"projects/crested-unity-401417/locations/us-west3","labels":{"appengine.googleapis.com/region":"us-west3","cloud.googleapis.com/location":"us-west3","cloud.googleapis.com/region":"us-west3"},"metadata":{"@type":"type.googleapis.com/google.firestore.admin.v1.LocationMetadata"},"locationId":"us-west3","displayName":"Salt Lake City"},{"name":"projects/crested-unity-401417/locations/us-west4","labels":{"appengine.googleapis.com/region":"us-west4","cloud.googleapis.com/location":"us-west4","cloud.googleapis.com/region":"us-west4"},"metadata":{"@type":"type.googleapis.com/google.firestore.admin.v1.LocationMetadata"},"locationId":"us-west4","displayName":"Las Vegas"}]}
[info] 
[info] Firestore Security Rules allow you to define how and when to allow
[info] requests. You can keep these rules in your project directory
[info] and publish them with firebase deploy.
[info] 
[debug] [2026-06-27T19:37:23.162Z] Checked if tokens are valid: true, expires at: 1782592443893
[debug] [2026-06-27T19:37:23.162Z] Checked if tokens are valid: true, expires at: 1782592443893
[debug] [2026-06-27T19:37:23.162Z] >>> [apiv2][query] GET https://firebaserules.googleapis.com/v1/projects/crested-unity-401417/releases pageSize=10&pageToken=
[debug] [2026-06-27T19:37:24.208Z] <<< [apiv2][status] GET https://firebaserules.googleapis.com/v1/projects/crested-unity-401417/releases 200
[debug] [2026-06-27T19:37:24.208Z] <<< [apiv2][body] GET https://firebaserules.googleapis.com/v1/projects/crested-unity-401417/releases {}
[info] 
[info] Firestore indexes allow you to perform complex queries while
[info] maintaining performance that scales with the size of the result
[info] set. You can keep index definitions in your project directory
[info] and publish them with firebase deploy.
[info] 
[debug] [2026-06-27T19:37:25.809Z] Checked if tokens are valid: true, expires at: 1782592443893
[debug] [2026-06-27T19:37:25.809Z] Checked if tokens are valid: true, expires at: 1782592443893
[debug] [2026-06-27T19:37:25.809Z] Checked if tokens are valid: true, expires at: 1782592443893
[debug] [2026-06-27T19:37:25.809Z] Checked if tokens are valid: true, expires at: 1782592443893
[debug] [2026-06-27T19:37:25.809Z] >>> [apiv2][query] GET https://firestore.googleapis.com/v1/projects/crested-unity-401417/databases/(default)/collectionGroups/-/indexes [none]
[debug] [2026-06-27T19:37:25.811Z] >>> [apiv2][query] GET https://firestore.googleapis.com/v1/projects/crested-unity-401417/databases/(default)/collectionGroups/-/fields?filter=indexConfig.usesAncestorConfig=false OR ttlConfig:* [none]
[debug] [2026-06-27T19:37:26.631Z] <<< [apiv2][status] GET https://firestore.googleapis.com/v1/projects/crested-unity-401417/databases/(default)/collectionGroups/-/fields?filter=indexConfig.usesAncestorConfig=false OR ttlConfig:* 404
[debug] [2026-06-27T19:37:26.631Z] <<< [apiv2][body] GET https://firestore.googleapis.com/v1/projects/crested-unity-401417/databases/(default)/collectionGroups/-/fields?filter=indexConfig.usesAncestorConfig=false OR ttlConfig:* {"error":{"code":404,"message":"Project 'crested-unity-401417' or database '(default)' does not exist.","status":"NOT_FOUND"}}
[info] +  Wrote firestore.rules 
[info] +  Wrote firestore.indexes.json 
[info] 
=== Genkit Setup
[debug] [2026-06-27T19:37:26.648Z] <<< [apiv2][status] GET https://firestore.googleapis.com/v1/projects/crested-unity-401417/databases/(default)/collectionGroups/-/indexes 404
[debug] [2026-06-27T19:37:26.648Z] <<< [apiv2][body] GET https://firestore.googleapis.com/v1/projects/crested-unity-401417/databases/(default)/collectionGroups/-/indexes {"error":{"code":404,"message":"Project 'crested-unity-401417' or database '(default)' does not exist.","status":"NOT_FOUND"}}
[debug] [2026-06-27T19:37:37.198Z] > command requires scopes: ["email","openid","https://www.googleapis.com/auth/cloudplatformprojects.readonly","https://www.googleapis.com/auth/firebase","https://www.googleapis.com/auth/cloud-platform"]
[debug] [2026-06-27T19:37:37.198Z] > authorizing via signed-in user (kaasharept@gmail.com)
[debug] [2026-06-27T19:37:37.198Z] [iam] checking project crested-unity-401417 for permissions ["firebase.projects.get"]
[debug] [2026-06-27T19:37:37.198Z] Checked if tokens are valid: true, expires at: 1782592443893
[debug] [2026-06-27T19:37:37.198Z] Checked if tokens are valid: true, expires at: 1782592443893
[debug] [2026-06-27T19:37:37.198Z] >>> [apiv2][query] POST https://cloudresourcemanager.googleapis.com/v1/projects/crested-unity-401417:testIamPermissions [none]
[debug] [2026-06-27T19:37:37.198Z] >>> [apiv2][(partial)header] POST https://cloudresourcemanager.googleapis.com/v1/projects/crested-unity-401417:testIamPermissions  x-goog-user-project=crested-unity-401417
[debug] [2026-06-27T19:37:37.198Z] >>> [apiv2][body] POST https://cloudresourcemanager.googleapis.com/v1/projects/crested-unity-401417:testIamPermissions {"permissions":["firebase.projects.get"]}
[debug] [2026-06-27T19:37:37.641Z] <<< [apiv2][status] POST https://cloudresourcemanager.googleapis.com/v1/projects/crested-unity-401417:testIamPermissions 200
[debug] [2026-06-27T19:37:37.641Z] <<< [apiv2][body] POST https://cloudresourcemanager.googleapis.com/v1/projects/crested-unity-401417:testIamPermissions {"permissions":["firebase.projects.get"]}
[debug] [2026-06-27T19:37:37.642Z] Checked if tokens are valid: true, expires at: 1782592443893
[debug] [2026-06-27T19:37:37.642Z] Checked if tokens are valid: true, expires at: 1782592443893
[debug] [2026-06-27T19:37:37.642Z] Checked if tokens are valid: true, expires at: 1782592443893
[debug] [2026-06-27T19:37:37.642Z] Checked if tokens are valid: true, expires at: 1782592443893
[debug] [2026-06-27T19:37:37.642Z] >>> [apiv2][query] GET https://serviceusage.googleapis.com/v1/projects/crested-unity-401417/services/cloudfunctions.googleapis.com [none]
[debug] [2026-06-27T19:37:37.642Z] >>> [apiv2][(partial)header] GET https://serviceusage.googleapis.com/v1/projects/crested-unity-401417/services/cloudfunctions.googleapis.com  x-goog-user-project=crested-unity-401417
[debug] [2026-06-27T19:37:37.644Z] >>> [apiv2][query] GET https://serviceusage.googleapis.com/v1/projects/crested-unity-401417/services/runtimeconfig.googleapis.com [none]
[debug] [2026-06-27T19:37:37.644Z] >>> [apiv2][(partial)header] GET https://serviceusage.googleapis.com/v1/projects/crested-unity-401417/services/runtimeconfig.googleapis.com  x-goog-user-project=crested-unity-401417
[debug] [2026-06-27T19:37:38.189Z] <<< [apiv2][status] GET https://serviceusage.googleapis.com/v1/projects/crested-unity-401417/services/runtimeconfig.googleapis.com 200
[debug] [2026-06-27T19:37:38.189Z] <<< [apiv2][body] GET https://serviceusage.googleapis.com/v1/projects/crested-unity-401417/services/runtimeconfig.googleapis.com [omitted]
[debug] [2026-06-27T19:37:38.197Z] <<< [apiv2][status] GET https://serviceusage.googleapis.com/v1/projects/crested-unity-401417/services/cloudfunctions.googleapis.com 200
[debug] [2026-06-27T19:37:38.197Z] <<< [apiv2][body] GET https://serviceusage.googleapis.com/v1/projects/crested-unity-401417/services/cloudfunctions.googleapis.com [omitted]
[debug] [2026-06-27T19:37:38.197Z] Checked if tokens are valid: true, expires at: 1782592443893
[debug] [2026-06-27T19:37:38.197Z] Checked if tokens are valid: true, expires at: 1782592443893
[debug] [2026-06-27T19:37:38.198Z] >>> [apiv2][query] POST https://serviceusage.googleapis.com/v1/projects/crested-unity-401417/services/cloudfunctions.googleapis.com:enable [none]
[debug] [2026-06-27T19:37:38.198Z] >>> [apiv2][(partial)header] POST https://serviceusage.googleapis.com/v1/projects/crested-unity-401417/services/cloudfunctions.googleapis.com:enable  x-goog-user-project=crested-unity-401417
[debug] [2026-06-27T19:37:39.220Z] <<< [apiv2][status] POST https://serviceusage.googleapis.com/v1/projects/crested-unity-401417/services/cloudfunctions.googleapis.com:enable 200
[debug] [2026-06-27T19:37:39.220Z] <<< [apiv2][body] POST https://serviceusage.googleapis.com/v1/projects/crested-unity-401417/services/cloudfunctions.googleapis.com:enable [omitted]
[info] Let's create a new codebase for your functions.
[info] A directory corresponding to the codebase will be created in your project
[info] with sample code pre-configured.

[info] See https://firebase.google.com/docs/functions/organize-functions for
[info] more information on organizing your functions using codebases.

[info] Functions can be deployed with firebase deploy.

[info] +  Wrote functions/.eslintrc.js 
[info] +  Wrote functions/tsconfig.dev.json 
[info] +  Wrote functions/package.json 
[info] +  Wrote functions/tsconfig.json 
[info] +  Wrote functions/src/index.ts 
[info] +  Wrote functions/.gitignore 
[info] 
[info] i  genkit: Installing Genkit CLI version 1.39.0
 
[info] i  genkit: Installing NPM packages for genkit 
[info] +  genkit: Successfully installed NPM packages 
[error] !!  genkit: Genkit initialization failed: User force closed the prompt with SIGINT 
[info] 
=== Functions Setup
[debug] [2026-06-27T19:40:32.140Z] > command requires scopes: ["email","openid","https://www.googleapis.com/auth/cloudplatformprojects.readonly","https://www.googleapis.com/auth/firebase","https://www.googleapis.com/auth/cloud-platform"]
[debug] [2026-06-27T19:40:32.141Z] > authorizing via signed-in user (kaasharept@gmail.com)
[debug] [2026-06-27T19:40:32.141Z] [iam] checking project crested-unity-401417 for permissions ["firebase.projects.get"]
[debug] [2026-06-27T19:40:32.141Z] Checked if tokens are valid: true, expires at: 1782592443893
[debug] [2026-06-27T19:40:32.141Z] Checked if tokens are valid: true, expires at: 1782592443893
[debug] [2026-06-27T19:40:32.141Z] >>> [apiv2][query] POST https://cloudresourcemanager.googleapis.com/v1/projects/crested-unity-401417:testIamPermissions [none]
[debug] [2026-06-27T19:40:32.141Z] >>> [apiv2][(partial)header] POST https://cloudresourcemanager.googleapis.com/v1/projects/crested-unity-401417:testIamPermissions  x-goog-user-project=crested-unity-401417
[debug] [2026-06-27T19:40:32.141Z] >>> [apiv2][body] POST https://cloudresourcemanager.googleapis.com/v1/projects/crested-unity-401417:testIamPermissions {"permissions":["firebase.projects.get"]}
[debug] [2026-06-27T19:40:32.624Z] <<< [apiv2][status] POST https://cloudresourcemanager.googleapis.com/v1/projects/crested-unity-401417:testIamPermissions 200
[debug] [2026-06-27T19:40:32.624Z] <<< [apiv2][body] POST https://cloudresourcemanager.googleapis.com/v1/projects/crested-unity-401417:testIamPermissions {"permissions":["firebase.projects.get"]}
[info] 
Detected existing codebase(s): default

